../Core/Src/main.c:79:10:millis	16	static
../Core/Src/main.c:83:6:Delay_ms	16	static,ignoring_inline_asm
../Core/Src/main.c:93:6:accessData	8	static
../Core/Src/main.c:120:5:main	8	static
../Core/Src/main.c:206:6:SystemClock_Config	88	static
../Core/Src/main.c:248:13:MX_GPIO_Init	32	static
../Core/Src/main.c:282:6:StartDefaultTask	16	static
../Core/Src/main.c:300:6:green_led	16	static
../Core/Src/main.c:321:6:red_led	16	static
../Core/Src/main.c:343:6:HAL_TIM_PeriodElapsedCallback	16	static
../Core/Src/main.c:360:6:Error_Handler	4	static,ignoring_inline_asm
